// Jest Snapshot v1, https://goo.gl/fbAQLP

exports[`should render ExpensesSummary 1`] = `
<div>
  Total: 
  $114,195.00
</div>
`;
